[a-invite.kz/ibragim--radina.html]
[backblue.gif]
[fade.gif]
[index.html]
[static.tildacdn.pro/tild3033-6435-4235-a630-363131643864/IMG_2300.jpg]
[neo.tildacdn.com/js/tilda-fallback-1.0.min.js]
[static.tildacdn.pro/css/tilda-grid-3.0.min.css]
[static.tildacdn.pro/ws/project12171783/tilda-blocks-page71936505.min2ff5.css]
[static.tildacdn.pro/css/tilda-animation-2.0.min.css]
[static.tildacdn.pro/css/tilda-cover-1.0.min.css]
[static.tildacdn.pro/css/tilda-forms-1.0.min.css]
[static.tildacdn.pro/js/tilda-polyfill-1.0.min.js]
[static.tildacdn.pro/js/jquery-1.10.2.min.js]
[static.tildacdn.pro/js/tilda-scripts-3.0.min.js]
[static.tildacdn.pro/ws/project12171783/tilda-blocks-page71936505.min2ff5.js]
[static.tildacdn.pro/js/tilda-lazyload-1.0.min.js]
[static.tildacdn.pro/js/tilda-animation-2.0.min.js]
[static.tildacdn.pro/js/tilda-zero-1.1.min.js]
[a-invite.kz/OPR/index.html]
[static.tildacdn.pro/js/tilda-forms-1.0.min.js]
[static.tildacdn.pro/js/tilda-cover-1.0.min.js]
[static.tildacdn.pro/js/tilda-animation-ext-1.0.min.js]
[static.tildacdn.pro/js/tilda-animation-sbs-1.0.min.js]
[static.tildacdn.pro/js/tilda-zero-scale-1.0.min.js]
[static.tildacdn.pro/js/tilda-events-1.0.min.js]
[static.tildacdn.pro/tild6466-6461-4332-b835-376463313565/IMG_9525.jpg]
[static.tildacdn.pro/tild3832-6638-4664-a436-313635633136/IMG_2799.jpg]
[static.tildacdn.pro/tild6230-6139-4239-b237-316165336263/IMG_1158.jpg]
[static.tildacdn.pro/tild3363-3539-4638-b561-393661646366/IMG_2300.jpg]
[static.tildacdn.pro/tild3266-3766-4663-b264-623162326131/photo.png]
[thb.tildacdn.pro/tild3266-3766-4663-b264-623162326131/-/resize/20x/photo.png]
[static.tildacdn.pro/tild6134-3932-4637-b232-633366653031/ir.png]
[thb.tildacdn.pro/tild6134-3932-4637-b232-633366653031/-/resize/20x/ir.png]
[static.tildacdn.pro/tild3731-3232-4461-b530-326666353930/xxxx.png]
[thb.tildacdn.pro/tild3731-3232-4461-b530-326666353930/-/resize/20x/xxxx.png]
[static.tildacdn.pro/tild6434-6164-4362-b439-643663633066/photo.png]
[thb.tildacdn.pro/tild6434-6164-4362-b439-643663633066/-/resize/20x/photo.png]
[static.tildacdn.pro/tild3365-3165-4933-a161-653136343135/_.png]
[thb.tildacdn.pro/tild3365-3165-4933-a161-653136343135/-/resize/20x/_.png]
[static.tildacdn.pro/tild3437-3361-4531-b233-663762353039/photo.png]
[thb.tildacdn.pro/tild3437-3361-4531-b233-663762353039/-/resize/20x/photo.png]
[thb.tildacdn.pro/tild3362-3734-4633-b330-316666326635/-/resize/20x/_____________.jpg]
[static.tildacdn.pro/tild3362-3734-4633-b330-316666326635/_____________.jpg]
[static.tildacdn.pro/js/tilda-variant-select-1.0.min.js]
[static.tildacdn.pro/img/tildacopy.png]
[a-invite.kz/ibragim--radina.html]
[static.tildacdn.pro/css/tilda-grid-3.0.min.css]
[static.tildacdn.pro/ws/project12171783/tilda-blocks-page71936505.min2ff5.css]
[static.tildacdn.pro/css/tilda-animation-2.0.min.css]
[static.tildacdn.pro/css/tilda-cover-1.0.min.css]
[static.tildacdn.pro/css/tilda-forms-1.0.min.css]
[a-invite.kz/OPR/index.html]
[static.tildacdn.pro/js/tilda-stat-1.0.min.js]
